\BOOKMARK [1][]{section.1}{\376\377\000I\000n\000t\000r\000o\000d\000u\000c\000t\000i\000o\000n}{}% 1
\BOOKMARK [2][]{subsection.1.1}{\376\377\000M\000o\000t\000i\000v\000a\000t\000i\000o\000n}{section.1}% 2
\BOOKMARK [2][]{subsection.1.2}{\376\377\000T\000h\000e\000\040\000q\000u\000a\000n\000t\000u\000m\000\040\000c\000o\000g\000n\000i\000t\000i\000o\000n\000\040\000h\000y\000p\000o\000t\000h\000e\000s\000i\000s}{section.1}% 3
\BOOKMARK [2][]{subsection.1.3}{\376\377\000S\000c\000o\000p\000e\000,\000\040\000t\000e\000r\000m\000i\000n\000o\000l\000o\000g\000y\000\040\000a\000n\000d\000\040\000t\000h\000e\000\040\000r\000o\000l\000e\000\040\000o\000f\000\040\000q\000u\000a\000n\000t\000u\000m\000\040\000h\000a\000r\000d\000w\000a\000r\000e}{section.1}% 4
\BOOKMARK [2][]{subsection.1.4}{\376\377\000R\000e\000l\000a\000t\000e\000d\000\040\000s\000u\000r\000v\000e\000y\000s\000\040\000a\000n\000d\000\040\000c\000o\000n\000t\000r\000i\000b\000u\000t\000i\000o\000n\000s}{section.1}% 5
\BOOKMARK [2][]{subsection.1.5}{\376\377\000O\000r\000g\000a\000n\000i\000s\000a\000t\000i\000o\000n}{section.1}% 6
\BOOKMARK [1][]{section.2}{\376\377\000R\000e\000v\000i\000e\000w\000\040\000m\000e\000t\000h\000o\000d\000o\000l\000o\000g\000y}{}% 7
\BOOKMARK [2][]{section*.2}{\376\377\000T\000h\000r\000e\000a\000t\000s\000\040\000t\000o\000\040\000v\000a\000l\000i\000d\000i\000t\000y}{section.2}% 8
\BOOKMARK [1][]{section.3}{\376\377\000H\000i\000s\000t\000o\000r\000i\000c\000a\000l\000\040\000d\000e\000v\000e\000l\000o\000p\000m\000e\000n\000t}{}% 9
\BOOKMARK [2][]{subsection.3.1}{\376\377\000C\000l\000a\000s\000s\000i\000c\000a\000l\000\040\000f\000o\000u\000n\000d\000a\000t\000i\000o\000n\000s\000\040\000a\000n\000d\000\040\000e\000a\000r\000l\000y\000\040\000q\000u\000a\000n\000t\000u\000m\000\040\000i\000d\000e\000a\000s\000\040\000\050\0001\0009\0002\0005\040\023\0002\0000\0000\0000\000\051}{section.3}% 10
\BOOKMARK [2][]{subsection.3.2}{\376\377\000Q\000u\000a\000n\000t\000u\000m\000\040\000p\000r\000o\000b\000a\000b\000i\000l\000i\000t\000y\000\040\000e\000n\000t\000e\000r\000s\000\040\000c\000o\000g\000n\000i\000t\000i\000v\000e\000\040\000s\000c\000i\000e\000n\000c\000e\000\040\000\050\0002\0000\0000\0000\040\023\0002\0000\0001\0000\000\051}{section.3}% 11
\BOOKMARK [2][]{subsection.3.3}{\376\377\000C\000o\000n\000s\000o\000l\000i\000d\000a\000t\000i\000o\000n\000\040\000o\000f\000\040\000t\000h\000e\000\040\000f\000r\000a\000m\000e\000w\000o\000r\000k\000\040\000\050\0002\0000\0001\0001\040\023\0002\0000\0001\0005\000\051}{section.3}% 12
\BOOKMARK [2][]{subsection.3.4}{\376\377\000F\000i\000r\000s\000t\000\040\000c\000o\000n\000n\000e\000c\000t\000i\000o\000n\000s\000\040\000t\000o\000\040\000A\000I\000\040\000a\000n\000d\000\040\000r\000o\000b\000o\000t\000i\000c\000s\000\040\000\050\0002\0000\0001\0006\040\023\0002\0000\0002\0000\000\051}{section.3}% 13
\BOOKMARK [2][]{subsection.3.5}{\376\377\000Q\000u\000a\000n\000t\000u\000m\000\040\000c\000o\000g\000n\000i\000t\000i\000o\000n\000\040\000f\000o\000r\000\040\000a\000u\000t\000o\000n\000o\000m\000o\000u\000s\000\040\000s\000y\000s\000t\000e\000m\000s\000\040\000\050\0002\0000\0002\0001\040\023\000p\000r\000e\000s\000e\000n\000t\000\051}{section.3}% 14
\BOOKMARK [1][]{section.4}{\376\377\000M\000a\000t\000h\000e\000m\000a\000t\000i\000c\000a\000l\000\040\000f\000o\000u\000n\000d\000a\000t\000i\000o\000n\000s}{}% 15
\BOOKMARK [2][]{subsection.4.1}{\376\377\000C\000o\000m\000p\000l\000e\000x\000\040\000v\000e\000c\000t\000o\000r\000\040\000s\000p\000a\000c\000e\000s\000\040\000a\000n\000d\000\040\000i\000n\000n\000e\000r\000\040\000p\000r\000o\000d\000u\000c\000t\000s}{section.4}% 16
\BOOKMARK [2][]{subsection.4.2}{\376\377\000H\000i\000l\000b\000e\000r\000t\000\040\000s\000p\000a\000c\000e\000s\000\040\000a\000n\000d\000\040\000o\000r\000t\000h\000o\000n\000o\000r\000m\000a\000l\000i\000t\000y}{section.4}% 17
\BOOKMARK [2][]{subsection.4.3}{\376\377\000L\000i\000n\000e\000a\000r\000\040\000o\000p\000e\000r\000a\000t\000o\000r\000s}{section.4}% 18
\BOOKMARK [2][]{subsection.4.4}{\376\377\000P\000r\000o\000j\000e\000c\000t\000o\000r\000s\000\040\000a\000n\000d\000\040\000t\000h\000e\000\040\000B\000o\000r\000n\000\040\000a\000n\000d\000\040\000L\000\374\000d\000e\000r\000s\000\040\000r\000u\000l\000e\000s}{section.4}% 19
\BOOKMARK [2][]{subsection.4.5}{\376\377\000T\000e\000n\000s\000o\000r\000\040\000p\000r\000o\000d\000u\000c\000t\000s\000\040\000a\000n\000d\000\040\000c\000o\000m\000p\000o\000s\000i\000t\000e\000\040\000s\000y\000s\000t\000e\000m\000s}{section.4}% 20
\BOOKMARK [2][]{subsection.4.6}{\376\377\000T\000e\000r\000m\000i\000n\000o\000l\000o\000g\000y}{section.4}% 21
\BOOKMARK [2][]{subsection.4.7}{\376\377\000Q\000u\000a\000n\000t\000u\000m\000\040\000v\000e\000r\000s\000u\000s\000\040\000c\000l\000a\000s\000s\000i\000c\000a\000l\000\040\000p\000r\000o\000b\000a\000b\000i\000l\000i\000t\000y}{section.4}% 22
\BOOKMARK [1][]{section.5}{\376\377\000C\000o\000r\000e\000\040\000p\000h\000e\000n\000o\000m\000e\000n\000a\000\040\000a\000n\000d\000\040\000t\000h\000e\000\040\000e\000v\000i\000d\000e\000n\000c\000e\000\040\000f\000o\000r\000\040\000q\000u\000a\000n\000t\000u\000m\000\040\000c\000o\000g\000n\000i\000t\000i\000o\000n}{}% 23
\BOOKMARK [2][]{subsection.5.1}{\376\377\000Q\000u\000a\000n\000t\000u\000m\000\040\000c\000o\000g\000n\000i\000t\000i\000o\000n\000\040\000a\000s\000\040\000a\000\040\000p\000s\000y\000c\000h\000o\000l\000o\000g\000i\000c\000a\000l\000\040\000t\000h\000e\000o\000r\000y}{section.5}% 24
\BOOKMARK [2][]{subsection.5.2}{\376\377\000C\000o\000r\000e\000\040\000p\000o\000s\000t\000u\000l\000a\000t\000e\000s}{section.5}% 25
\BOOKMARK [2][]{subsection.5.3}{\376\377\000O\000r\000d\000e\000r\000\040\000e\000f\000f\000e\000c\000t\000s\000\040\000a\000n\000d\000\040\000t\000h\000e\000\040\000Q\000Q\000\040\000e\000q\000u\000a\000l\000i\000t\000y}{section.5}% 26
\BOOKMARK [2][]{subsection.5.4}{\376\377\000T\000h\000e\000\040\000c\000o\000n\000j\000u\000n\000c\000t\000i\000o\000n\000\040\000f\000a\000l\000l\000a\000c\000y}{section.5}% 27
\BOOKMARK [2][]{subsection.5.5}{\376\377\000I\000n\000t\000e\000r\000f\000e\000r\000e\000n\000c\000e\000\040\000a\000n\000d\000\040\000t\000h\000e\000\040\000d\000i\000s\000j\000u\000n\000c\000t\000i\000o\000n\000\040\000e\000f\000f\000e\000c\000t}{section.5}% 28
\BOOKMARK [2][]{subsection.5.6}{\376\377\000E\000v\000i\000d\000e\000n\000c\000e\000\040\000f\000o\000r\000\040\000a\000n\000d\000\040\000a\000g\000a\000i\000n\000s\000t\000\040\000q\000u\000a\000n\000t\000u\000m\000\040\000m\000o\000d\000e\000l\000s}{section.5}% 29
\BOOKMARK [1][]{section.6}{\376\377\000A\000\040\000f\000r\000a\000m\000e\000w\000o\000r\000k\000\040\000f\000o\000r\000\040\000q\000u\000a\000n\000t\000u\000m\000-\000l\000i\000k\000e\000\040\000a\000u\000t\000o\000n\000o\000m\000o\000u\000s\000\040\000a\000g\000e\000n\000t\000s}{}% 30
\BOOKMARK [1][]{section.7}{\376\377\000P\000e\000r\000c\000e\000p\000t\000i\000o\000n\000,\000\040\000m\000e\000m\000o\000r\000y\000\040\000a\000n\000d\000\040\000m\000u\000l\000t\000i\000-\000s\000o\000u\000r\000c\000e\000\040\000f\000u\000s\000i\000o\000n}{}% 31
\BOOKMARK [2][]{subsection.7.1}{\376\377\000P\000e\000r\000c\000e\000p\000t\000i\000o\000n\000\040\000u\000n\000d\000e\000r\000\040\000s\000e\000n\000s\000o\000r\000\040\000a\000n\000d\000\040\000f\000e\000a\000t\000u\000r\000e\000\040\000a\000m\000b\000i\000g\000u\000i\000t\000y}{section.7}% 32
\BOOKMARK [3][]{section*.3}{\376\377\000P\000r\000o\000b\000l\000e\000m}{subsection.7.1}% 33
\BOOKMARK [4][]{section*.4}{\376\377\000Q\000u\000a\000n\000t\000u\000m\000-\000l\000i\000k\000e\000\040\000a\000p\000p\000r\000o\000a\000c\000h\000e\000s}{section*.3}% 34
\BOOKMARK [2][]{subsection.7.2}{\376\377\000M\000e\000m\000o\000r\000y\000\040\000a\000n\000d\000\040\000e\000p\000i\000s\000o\000d\000e\000\040\000r\000e\000c\000o\000g\000n\000i\000t\000i\000o\000n}{section.7}% 35
\BOOKMARK [3][]{section*.5}{\376\377\000P\000r\000o\000b\000l\000e\000m}{subsection.7.2}% 36
\BOOKMARK [4][]{section*.6}{\376\377\000Q\000u\000a\000n\000t\000u\000m\000-\000l\000i\000k\000e\000\040\000a\000p\000p\000r\000o\000a\000c\000h\000e\000s}{section*.5}% 37
\BOOKMARK [2][]{subsection.7.3}{\376\377\000F\000u\000s\000i\000o\000n\000\040\000o\000f\000\040\000n\000o\000n\000-\000i\000n\000d\000e\000p\000e\000n\000d\000e\000n\000t\000\040\000s\000o\000u\000r\000c\000e\000s}{section.7}% 38
\BOOKMARK [3][]{section*.7}{\376\377\000P\000r\000o\000b\000l\000e\000m}{subsection.7.3}% 39
\BOOKMARK [4][]{section*.8}{\376\377\000Q\000u\000a\000n\000t\000u\000m\000-\000l\000i\000k\000e\000\040\000B\000a\000y\000e\000s\000i\000a\000n\000\040\000n\000e\000t\000w\000o\000r\000k\000s\000\040\000a\000n\000d\000\040\000q\000u\000a\000n\000t\000u\000m\000-\000i\000n\000s\000p\000i\000r\000e\000d\000\040\000f\000u\000s\000i\000o\000n}{section*.7}% 40
\BOOKMARK [1][]{section.8}{\376\377\000D\000e\000c\000i\000s\000i\000o\000n\000-\000m\000a\000k\000i\000n\000g\000\040\000a\000n\000d\000\040\000p\000l\000a\000n\000n\000i\000n\000g\000\040\000u\000n\000d\000e\000r\000\040\000u\000n\000c\000e\000r\000t\000a\000i\000n\000t\000y}{}% 41
\BOOKMARK [2][]{subsection.8.1}{\376\377\000V\000i\000o\000l\000a\000t\000i\000o\000n\000s\000\040\000o\000f\000\040\000t\000h\000e\000\040\000i\000n\000d\000e\000p\000e\000n\000d\000e\000n\000c\000e\000\040\000a\000x\000i\000o\000m}{section.8}% 42
\BOOKMARK [3][]{section*.9}{\376\377\000P\000r\000o\000b\000l\000e\000m}{subsection.8.1}% 43
\BOOKMARK [4][]{section*.10}{\376\377\000Q\000u\000a\000n\000t\000u\000m\000-\000l\000i\000k\000e\000\040\000a\000p\000p\000r\000o\000a\000c\000h\000e\000s}{section*.9}% 44
\BOOKMARK [2][]{subsection.8.2}{\376\377\000P\000l\000a\000n\000n\000i\000n\000g\000\040\000u\000n\000d\000e\000r\000\040\000u\000n\000c\000e\000r\000t\000a\000i\000n\000t\000y}{section.8}% 45
\BOOKMARK [3][]{section*.11}{\376\377\000C\000l\000a\000s\000s\000i\000c\000a\000l\000\040\000p\000l\000a\000n\000n\000e\000r\000s}{subsection.8.2}% 46
\BOOKMARK [4][]{section*.12}{\376\377\000Q\000u\000a\000n\000t\000u\000m\000\040\000p\000l\000a\000n\000n\000i\000n\000g\000\040\000a\000n\000d\000\040\000q\000u\000a\000n\000t\000u\000m\000\040\000d\000e\000l\000i\000b\000e\000r\000a\000t\000i\000o\000n}{section*.11}% 47
\BOOKMARK [1][]{section.9}{\376\377\000M\000a\000c\000h\000i\000n\000e\000\040\000l\000e\000a\000r\000n\000i\000n\000g\000,\000\040\000d\000e\000e\000p\000\040\000l\000e\000a\000r\000n\000i\000n\000g\000\040\000a\000n\000d\000\040\000l\000a\000n\000g\000u\000a\000g\000e\000\040\000m\000o\000d\000e\000l\000s}{}% 48
\BOOKMARK [2][]{subsection.9.1}{\376\377\000F\000e\000a\000t\000u\000r\000e\000\040\000l\000e\000a\000r\000n\000i\000n\000g\000\040\000a\000n\000d\000\040\000r\000e\000p\000r\000e\000s\000e\000n\000t\000a\000t\000i\000o\000n}{section.9}% 49
\BOOKMARK [3][]{section*.13}{\376\377\000C\000l\000a\000s\000s\000i\000c\000a\000l\000\040\000a\000p\000p\000r\000o\000a\000c\000h}{subsection.9.1}% 50
\BOOKMARK [4][]{section*.14}{\376\377\000Q\000u\000a\000n\000t\000u\000m\000\040\000a\000n\000d\000\040\000q\000u\000a\000n\000t\000u\000m\000-\000i\000n\000s\000p\000i\000r\000e\000d\000\040\000a\000p\000p\000r\000o\000a\000c\000h\000e\000s}{section*.13}% 51
\BOOKMARK [2][]{subsection.9.2}{\376\377\000C\000l\000a\000s\000s\000i\000f\000i\000c\000a\000t\000i\000o\000n\000\040\000u\000n\000d\000e\000r\000\040\000l\000a\000b\000e\000l\000\040\000a\000m\000b\000i\000g\000u\000i\000t\000y}{section.9}% 52
\BOOKMARK [3][]{section*.15}{\376\377\000P\000r\000o\000b\000l\000e\000m}{subsection.9.2}% 53
\BOOKMARK [4][]{section*.16}{\376\377\000Q\000u\000a\000n\000t\000u\000m\000-\000c\000o\000g\000n\000i\000t\000i\000v\000e\000\040\000a\000p\000p\000r\000o\000a\000c\000h\000e\000s}{section*.15}% 54
\BOOKMARK [2][]{subsection.9.3}{\376\377\000K\000n\000o\000w\000l\000e\000d\000g\000e\000\040\000r\000e\000p\000r\000e\000s\000e\000n\000t\000a\000t\000i\000o\000n\000\040\000a\000n\000d\000\040\000s\000e\000m\000a\000n\000t\000i\000c\000\040\000s\000i\000m\000i\000l\000a\000r\000i\000t\000y}{section.9}% 55
\BOOKMARK [2][]{subsection.9.4}{\376\377\000Q\000u\000a\000n\000t\000u\000m\000-\000i\000n\000s\000p\000i\000r\000e\000d\000\040\000d\000e\000e\000p\000\040\000l\000e\000a\000r\000n\000i\000n\000g}{section.9}% 56
\BOOKMARK [3][]{section*.17}{\376\377\000C\000l\000a\000s\000s\000i\000c\000a\000l\000\040\000d\000e\000e\000p\000\040\000l\000e\000a\000r\000n\000i\000n\000g}{subsection.9.4}% 57
\BOOKMARK [4][]{section*.18}{\376\377\000C\000o\000m\000p\000l\000e\000x\000-\000v\000a\000l\000u\000e\000d\000,\000\040\000q\000u\000a\000n\000t\000u\000m\000-\000i\000n\000s\000p\000i\000r\000e\000d\000\040\000n\000e\000t\000w\000o\000r\000k\000s}{section*.17}% 58
\BOOKMARK [4][]{section*.19}{\376\377\000T\000r\000a\000i\000n\000i\000n\000g\000\040\000u\000n\000d\000e\000r\000\040\000u\000n\000c\000e\000r\000t\000a\000i\000n\000t\000y}{section*.17}% 59
\BOOKMARK [2][]{subsection.9.5}{\376\377\000O\000r\000d\000e\000r\000\040\000e\000f\000f\000e\000c\000t\000s\000\040\000i\000n\000\040\000l\000a\000r\000g\000e\000\040\000l\000a\000n\000g\000u\000a\000g\000e\000\040\000m\000o\000d\000e\000l\000s}{section.9}% 60
\BOOKMARK [1][]{section.10}{\376\377\000R\000e\000i\000n\000f\000o\000r\000c\000e\000m\000e\000n\000t\000\040\000l\000e\000a\000r\000n\000i\000n\000g}{}% 61
\BOOKMARK [2][]{subsection.10.1}{\376\377\000V\000i\000o\000l\000a\000t\000i\000o\000n\000s\000\040\000o\000f\000\040\000M\000a\000r\000k\000o\000v\000\040\000a\000s\000s\000u\000m\000p\000t\000i\000o\000n\000s}{section.10}% 62
\BOOKMARK [3][]{section*.20}{\376\377\000P\000r\000o\000b\000l\000e\000m}{subsection.10.1}% 63
\BOOKMARK [4][]{section*.21}{\376\377\000Q\000u\000a\000n\000t\000u\000m\000-\000l\000i\000k\000e\000\040\000m\000o\000d\000e\000l\000s\000\040\000o\000f\000\040\000r\000e\000w\000a\000r\000d\000\040\000s\000o\000u\000r\000c\000e\000s}{section*.20}% 64
\BOOKMARK [2][]{subsection.10.2}{\376\377\000E\000x\000p\000l\000o\000r\000a\000t\000i\000o\000n\000\040\000a\000n\000d\000\040\000q\000u\000a\000n\000t\000u\000m\000-\000i\000n\000s\000p\000i\000r\000e\000d\000\040\000r\000e\000i\000n\000f\000o\000r\000c\000e\000m\000e\000n\000t\000\040\000l\000e\000a\000r\000n\000i\000n\000g}{section.10}% 65
\BOOKMARK [2][]{subsection.10.3}{\376\377\000V\000a\000r\000i\000a\000t\000i\000o\000n\000a\000l\000-\000c\000i\000r\000c\000u\000i\000t\000\040\000a\000n\000d\000\040\000a\000g\000e\000n\000t\000-\000t\000h\000e\000o\000r\000e\000t\000i\000c\000\040\000r\000e\000i\000n\000f\000o\000r\000c\000e\000m\000e\000n\000t\000\040\000l\000e\000a\000r\000n\000i\000n\000g}{section.10}% 66
\BOOKMARK [2][]{subsection.10.4}{\376\377\000V\000a\000l\000u\000e\000\040\000e\000s\000t\000i\000m\000a\000t\000i\000o\000n\000\040\000u\000n\000d\000e\000r\000\040\000u\000n\000c\000e\000r\000t\000a\000i\000n\000t\000y}{section.10}% 67
\BOOKMARK [2][]{subsection.10.5}{\376\377\000A\000n\000\040\000i\000l\000l\000u\000s\000t\000r\000a\000t\000i\000v\000e\000\040\000e\000x\000p\000e\000r\000i\000m\000e\000n\000t\000:\000\040\000q\000u\000a\000n\000t\000u\000m\000-\000i\000n\000s\000p\000i\000r\000e\000d\000\040\000R\000L\000\040\000u\000n\000d\000e\000r\000\040\000r\000e\000w\000a\000r\000d\000\040\000n\000o\000i\000s\000e}{section.10}% 68
\BOOKMARK [3][]{section*.22}{\376\377\000P\000r\000o\000b\000l\000e\000m\000\040\000s\000e\000t\000u\000p}{subsection.10.5}% 69
\BOOKMARK [4][]{section*.23}{\376\377\000C\000l\000a\000s\000s\000i\000c\000a\000l\000\040\000b\000a\000s\000e\000l\000i\000n\000e\000s}{section*.22}% 70
\BOOKMARK [4][]{section*.24}{\376\377\000Q\000u\000a\000n\000t\000u\000m\000-\000i\000n\000s\000p\000i\000r\000e\000d\000\040\000a\000g\000e\000n\000t}{section*.22}% 71
\BOOKMARK [4][]{section*.25}{\376\377\000R\000e\000s\000u\000l\000t\000s}{section*.22}% 72
\BOOKMARK [1][]{section.11}{\376\377\000E\000m\000b\000o\000d\000i\000e\000d\000\040\000a\000n\000d\000\040\000s\000o\000c\000i\000a\000l\000\040\000r\000o\000b\000o\000t\000s}{}% 73
\BOOKMARK [2][]{subsection.11.1}{\376\377\000S\000e\000n\000s\000o\000r\000i\000m\000o\000t\000o\000r\000\040\000i\000n\000t\000e\000g\000r\000a\000t\000i\000o\000n\000\040\000a\000n\000d\000\040\000q\000u\000a\000n\000t\000u\000m\000\040\000e\000m\000b\000o\000d\000i\000e\000d\000\040\000c\000o\000g\000n\000i\000t\000i\000o\000n}{section.11}% 74
\BOOKMARK [2][]{subsection.11.2}{\376\377\000A\000f\000f\000o\000r\000d\000a\000n\000c\000e\000s\000\040\000a\000n\000d\000\040\000a\000c\000t\000i\000o\000n\000\040\000s\000e\000l\000e\000c\000t\000i\000o\000n}{section.11}% 75
\BOOKMARK [2][]{subsection.11.3}{\376\377\000P\000r\000e\000d\000i\000c\000t\000i\000v\000e\000\040\000p\000r\000o\000c\000e\000s\000s\000i\000n\000g\000\040\000a\000n\000d\000\040\000p\000h\000y\000s\000i\000c\000a\000l\000\040\000i\000n\000t\000e\000r\000a\000c\000t\000i\000o\000n}{section.11}% 76
\BOOKMARK [1][]{section.12}{\376\377\000M\000u\000l\000t\000i\000-\000a\000g\000e\000n\000t\000\040\000s\000y\000s\000t\000e\000m\000s\000,\000\040\000s\000w\000a\000r\000m\000s\000\040\000a\000n\000d\000\040\000h\000u\000m\000a\000n\040\023\000m\000a\000c\000h\000i\000n\000e\000\040\000t\000e\000a\000m\000s}{}% 77
\BOOKMARK [2][]{subsection.12.1}{\376\377\000M\000u\000l\000t\000i\000-\000r\000o\000b\000o\000t\000\040\000c\000o\000o\000r\000d\000i\000n\000a\000t\000i\000o\000n\000\040\000a\000n\000d\000\040\000t\000e\000a\000m\000s}{section.12}% 78
\BOOKMARK [2][]{subsection.12.2}{\376\377\000D\000i\000s\000t\000r\000i\000b\000u\000t\000e\000d\000\040\000q\000u\000a\000n\000t\000u\000m\000-\000l\000i\000k\000e\000\040\000d\000e\000c\000i\000s\000i\000o\000n\000s}{section.12}% 79
\BOOKMARK [2][]{subsection.12.3}{\376\377\000C\000o\000n\000c\000e\000p\000t\000\040\000l\000e\000a\000r\000n\000i\000n\000g\000\040\000a\000n\000d\000\040\000s\000e\000m\000a\000n\000t\000i\000c\000\040\000e\000m\000e\000r\000g\000e\000n\000c\000e}{section.12}% 80
\BOOKMARK [2][]{subsection.12.4}{\376\377\000O\000p\000e\000n\000\040\000q\000u\000e\000s\000t\000i\000o\000n\000s}{section.12}% 81
\BOOKMARK [1][]{section.13}{\376\377\000H\000u\000m\000a\000n\040\023\000A\000I\000\040\000t\000r\000u\000s\000t\000\040\000a\000n\000d\000\040\000o\000v\000e\000r\000s\000i\000g\000h\000t}{}% 82
\BOOKMARK [1][]{section.14}{\376\377\000S\000y\000n\000t\000h\000e\000s\000i\000s\000\040\000a\000n\000d\000\040\000c\000o\000m\000p\000a\000r\000i\000s\000o\000n\000\040\000w\000i\000t\000h\000\040\000c\000l\000a\000s\000s\000i\000c\000a\000l\000\040\000a\000p\000p\000r\000o\000a\000c\000h\000e\000s}{}% 83
\BOOKMARK [2][]{subsection.14.1}{\376\377\000E\000v\000i\000d\000e\000n\000c\000e\000\040\000m\000a\000p}{section.14}% 84
\BOOKMARK [2][]{subsection.14.2}{\376\377\000Q\000u\000a\000n\000t\000u\000m\000-\000l\000i\000k\000e\000\040\000v\000e\000r\000s\000u\000s\000\040\000c\000l\000a\000s\000s\000i\000c\000a\000l\000\040\000m\000o\000d\000e\000l\000s}{section.14}% 85
\BOOKMARK [3][]{section*.26}{\376\377\000W\000h\000e\000n\000\040\000c\000l\000a\000s\000s\000i\000c\000a\000l\000\040\000m\000o\000d\000e\000l\000s\000\040\000w\000i\000n}{subsection.14.2}% 86
\BOOKMARK [4][]{section*.27}{\376\377\000W\000h\000e\000n\000\040\000q\000u\000a\000n\000t\000u\000m\000-\000l\000i\000k\000e\000\040\000m\000o\000d\000e\000l\000s\000\040\000w\000i\000n}{section*.26}% 87
\BOOKMARK [4][]{section*.28}{\376\377\000Q\000u\000a\000n\000t\000u\000m\000\040\000v\000e\000r\000s\000u\000s\000\040\000d\000e\000e\000p\000\040\000r\000e\000i\000n\000f\000o\000r\000c\000e\000m\000e\000n\000t\000\040\000l\000e\000a\000r\000n\000i\000n\000g}{section*.26}% 88
\BOOKMARK [4][]{section*.29}{\376\377\000Q\000u\000a\000n\000t\000u\000m\000\040\000c\000o\000g\000n\000i\000t\000i\000o\000n\000\040\000a\000n\000d\000\040\000t\000r\000a\000n\000s\000f\000o\000r\000m\000e\000r\000\040\000a\000t\000t\000e\000n\000t\000i\000o\000n}{section*.26}% 89
\BOOKMARK [2][]{subsection.14.3}{\376\377\000A\000\040\000d\000e\000c\000i\000s\000i\000o\000n\000\040\000g\000u\000i\000d\000e}{section.14}% 90
\BOOKMARK [2][]{subsection.14.4}{\376\377\000W\000o\000r\000k\000e\000d\000\040\000c\000o\000m\000p\000a\000r\000i\000s\000o\000n\000:\000\040\000f\000u\000s\000i\000o\000n\000\040\000o\000f\000\040\000p\000h\000y\000s\000i\000c\000a\000l\000\040\000a\000n\000d\000\040\000s\000e\000m\000a\000n\000t\000i\000c\000\040\000c\000u\000e\000s}{section.14}% 91
\BOOKMARK [3][]{section*.30}{\376\377\000P\000r\000o\000b\000l\000e\000m\000\040\000s\000e\000t\000u\000p}{subsection.14.4}% 92
\BOOKMARK [4][]{section*.31}{\376\377\000C\000l\000a\000s\000s\000i\000c\000a\000l\000\040\000a\000p\000p\000r\000o\000a\000c\000h}{section*.30}% 93
\BOOKMARK [4][]{section*.32}{\376\377\000Q\000u\000a\000n\000t\000u\000m\000-\000l\000i\000k\000e\000\040\000a\000p\000p\000r\000o\000a\000c\000h}{section*.30}% 94
\BOOKMARK [4][]{section*.33}{\376\377\000C\000o\000m\000p\000a\000r\000i\000s\000o\000n}{section*.30}% 95
\BOOKMARK [2][]{subsection.14.5}{\376\377\000W\000o\000r\000k\000e\000d\000\040\000c\000o\000m\000p\000a\000r\000i\000s\000o\000n\000:\000\040\000c\000l\000a\000s\000s\000i\000f\000i\000c\000a\000t\000i\000o\000n\000\040\000u\000n\000d\000e\000r\000\040\000l\000a\000b\000e\000l\000\040\000a\000m\000b\000i\000g\000u\000i\000t\000y}{section.14}% 96
\BOOKMARK [3][]{section*.34}{\376\377\000P\000r\000o\000b\000l\000e\000m\000\040\000s\000e\000t\000u\000p}{subsection.14.5}% 97
\BOOKMARK [4][]{section*.35}{\376\377\000C\000l\000a\000s\000s\000i\000c\000a\000l\000\040\000a\000p\000p\000r\000o\000a\000c\000h}{section*.34}% 98
\BOOKMARK [4][]{section*.36}{\376\377\000Q\000u\000a\000n\000t\000u\000m\000-\000l\000i\000k\000e\000\040\000a\000p\000p\000r\000o\000a\000c\000h}{section*.34}% 99
\BOOKMARK [4][]{section*.37}{\376\377\000C\000o\000m\000p\000a\000r\000i\000s\000o\000n}{section*.34}% 100
\BOOKMARK [1][]{section.15}{\376\377\000L\000i\000m\000i\000t\000a\000t\000i\000o\000n\000s\000,\000\040\000a\000s\000s\000u\000m\000p\000t\000i\000o\000n\000s\000\040\000a\000n\000d\000\040\000i\000m\000p\000l\000e\000m\000e\000n\000t\000a\000t\000i\000o\000n}{}% 101
\BOOKMARK [2][]{subsection.15.1}{\376\377\000W\000h\000e\000n\000\040\000q\000u\000a\000n\000t\000u\000m\000\040\000c\000o\000g\000n\000i\000t\000i\000o\000n\000\040\000d\000o\000e\000s\000\040\000n\000o\000t\000\040\000h\000e\000l\000p}{section.15}% 102
\BOOKMARK [2][]{subsection.15.2}{\376\377\000I\000n\000t\000e\000r\000p\000r\000e\000t\000a\000b\000i\000l\000i\000t\000y}{section.15}% 103
\BOOKMARK [2][]{subsection.15.3}{\376\377\000C\000o\000m\000p\000u\000t\000a\000t\000i\000o\000n\000a\000l\000\040\000o\000v\000e\000r\000h\000e\000a\000d\000\040\000a\000n\000d\000\040\000r\000e\000a\000l\000-\000t\000i\000m\000e\000\040\000c\000o\000n\000s\000t\000r\000a\000i\000n\000t\000s}{section.15}% 104
\BOOKMARK [2][]{subsection.15.4}{\376\377\000C\000o\000r\000e\000\040\000a\000s\000s\000u\000m\000p\000t\000i\000o\000n\000s\000\040\000a\000n\000d\000\040\000w\000h\000e\000r\000e\000\040\000t\000h\000e\000y\000\040\000b\000r\000e\000a\000k\000\040\000d\000o\000w\000n}{section.15}% 105
\BOOKMARK [2][]{subsection.15.5}{\376\377\000Q\000u\000a\000n\000t\000u\000m\000\040\000h\000a\000r\000d\000w\000a\000r\000e\000\040\000a\000n\000d\000\040\000s\000o\000f\000t\000w\000a\000r\000e}{section.15}% 106
\BOOKMARK [1][]{section.16}{\376\377\000E\000t\000h\000i\000c\000a\000l\000,\000\040\000s\000a\000f\000e\000t\000y\000\040\000a\000n\000d\000\040\000t\000r\000a\000n\000s\000p\000a\000r\000e\000n\000c\000y\000\040\000c\000o\000n\000s\000i\000d\000e\000r\000a\000t\000i\000o\000n\000s}{}% 107
\BOOKMARK [2][]{subsection.16.1}{\376\377\000T\000r\000a\000n\000s\000p\000a\000r\000e\000n\000c\000y}{section.16}% 108
\BOOKMARK [2][]{subsection.16.2}{\376\377\000S\000a\000f\000e\000t\000y\000\040\000a\000n\000d\000\040\000e\000s\000c\000a\000l\000a\000t\000i\000o\000n\000\040\000t\000o\000\040\000h\000u\000m\000a\000n\000\040\000o\000v\000e\000r\000s\000i\000g\000h\000t}{section.16}% 109
\BOOKMARK [2][]{subsection.16.3}{\376\377\000A\000c\000c\000o\000u\000n\000t\000a\000b\000i\000l\000i\000t\000y}{section.16}% 110
\BOOKMARK [2][]{subsection.16.4}{\376\377\000B\000i\000a\000s\000\040\000a\000n\000d\000\040\000f\000a\000i\000r\000n\000e\000s\000s}{section.16}% 111
\BOOKMARK [1][]{section.17}{\376\377\000B\000i\000o\000l\000o\000g\000i\000c\000a\000l\000\040\000g\000r\000o\000u\000n\000d\000i\000n\000g}{}% 112
\BOOKMARK [1][]{section.18}{\376\377\000O\000p\000e\000n\000\040\000p\000r\000o\000b\000l\000e\000m\000s\000,\000\040\000b\000e\000n\000c\000h\000m\000a\000r\000k\000s\000\040\000a\000n\000d\000\040\000r\000e\000s\000e\000a\000r\000c\000h\000\040\000a\000g\000e\000n\000d\000a}{}% 113
\BOOKMARK [2][]{subsection.18.1}{\376\377\000V\000a\000l\000i\000d\000a\000t\000i\000o\000n\000\040\000p\000r\000o\000g\000r\000a\000m\000m\000e}{section.18}% 114
\BOOKMARK [3][]{section*.38}{\376\377\000P\000h\000a\000s\000e\000\040\0001\000:\000\040\000s\000i\000m\000u\000l\000a\000t\000i\000o\000n\000\040\000b\000e\000n\000c\000h\000m\000a\000r\000k\000s}{subsection.18.1}% 115
\BOOKMARK [4][]{section*.39}{\376\377\000P\000h\000a\000s\000e\000\040\0002\000:\000\040\000r\000e\000a\000l\000\040\000s\000y\000s\000t\000e\000m\000s}{section*.38}% 116
\BOOKMARK [2][]{subsection.18.2}{\376\377\000M\000e\000t\000r\000i\000c\000s\000\040\000a\000n\000d\000\040\000b\000a\000s\000e\000l\000i\000n\000e\000s}{section.18}% 117
\BOOKMARK [2][]{subsection.18.3}{\376\377\000B\000e\000n\000c\000h\000m\000a\000r\000k\000\040\000s\000u\000i\000t\000e\000\040\000a\000n\000d\000\040\000r\000e\000p\000l\000i\000c\000a\000t\000i\000o\000n\000\040\000c\000h\000e\000c\000k\000l\000i\000s\000t}{section.18}% 118
\BOOKMARK [2][]{subsection.18.4}{\376\377\000R\000e\000s\000e\000a\000r\000c\000h\000\040\000d\000i\000r\000e\000c\000t\000i\000o\000n\000s}{section.18}% 119
\BOOKMARK [3][]{section*.40}{\376\377\000N\000e\000a\000r\000\040\000t\000e\000r\000m\000\040\000\050\0001\040\023\0003\000\040\000y\000e\000a\000r\000s\000\051}{subsection.18.4}% 120
\BOOKMARK [4][]{section*.41}{\376\377\000M\000e\000d\000i\000u\000m\000\040\000t\000e\000r\000m\000\040\000\050\0003\040\023\0007\000\040\000y\000e\000a\000r\000s\000\051}{section*.40}% 121
\BOOKMARK [4][]{section*.42}{\376\377\000L\000o\000n\000g\000\040\000t\000e\000r\000m\000\040\000\050\0007\000+\000\040\000y\000e\000a\000r\000s\000\051}{section*.40}% 122
\BOOKMARK [1][]{section.19}{\376\377\000C\000o\000n\000c\000l\000u\000s\000i\000o\000n}{}% 123
\BOOKMARK [2][]{section*.43}{\376\377\000A\000c\000k\000n\000o\000w\000l\000e\000d\000g\000e\000m\000e\000n\000t\000s}{section.19}% 124
\BOOKMARK [1][]{appendix.1.A}{\376\377\000M\000a\000t\000h\000e\000m\000a\000t\000i\000c\000a\000l\000\040\000d\000e\000r\000i\000v\000a\000t\000i\000o\000n\000s}{}% 125
\BOOKMARK [2][]{subsection.1.A.1}{\376\377\000B\000o\000r\000n\000\040\000a\000n\000d\000\040\000L\000\374\000d\000e\000r\000s\000\040\000r\000u\000l\000e\000s}{appendix.1.A}% 126
\BOOKMARK [2][]{subsection.1.A.2}{\376\377\000S\000e\000q\000u\000e\000n\000t\000i\000a\000l\000\040\000p\000r\000o\000b\000a\000b\000i\000l\000i\000t\000i\000e\000s\000\040\000a\000n\000d\000\040\000t\000h\000e\000\040\000o\000r\000d\000e\000r\000\040\000e\000f\000f\000e\000c\000t}{appendix.1.A}% 127
\BOOKMARK [2][]{subsection.1.A.3}{\376\377\000P\000r\000o\000o\000f\000\040\000o\000f\000\040\000t\000h\000e\000\040\000Q\000Q\000\040\000e\000q\000u\000a\000l\000i\000t\000y}{appendix.1.A}% 128
\BOOKMARK [2][]{subsection.1.A.4}{\376\377\000I\000n\000t\000e\000r\000f\000e\000r\000e\000n\000c\000e\000\040\000a\000n\000d\000\040\000t\000h\000e\000\040\000l\000a\000w\000\040\000o\000f\000\040\000t\000o\000t\000a\000l\000\040\000p\000r\000o\000b\000a\000b\000i\000l\000i\000t\000y}{appendix.1.A}% 129
\BOOKMARK [2][]{subsection.1.A.5}{\376\377\000C\000o\000n\000d\000i\000t\000i\000o\000n\000\040\000f\000o\000r\000\040\000a\000\040\000c\000o\000n\000j\000u\000n\000c\000t\000i\000o\000n\000\040\000f\000a\000l\000l\000a\000c\000y}{appendix.1.A}% 130
\BOOKMARK [2][]{subsection.1.A.6}{\376\377\000O\000p\000e\000n\000-\000s\000y\000s\000t\000e\000m\000\040\000\050\000L\000i\000n\000d\000b\000l\000a\000d\000\051\000\040\000d\000y\000n\000a\000m\000i\000c\000s}{appendix.1.A}% 131
\BOOKMARK [2][]{subsection.1.A.7}{\376\377\000Q\000u\000a\000n\000t\000u\000m\000\040\000i\000n\000s\000t\000r\000u\000m\000e\000n\000t\000s}{appendix.1.A}% 132
\BOOKMARK [1][]{appendix.1.B}{\376\377\000E\000x\000p\000e\000r\000i\000m\000e\000n\000t\000a\000l\000\040\000d\000e\000t\000a\000i\000l\000s\000\040\000a\000n\000d\000\040\000w\000o\000r\000k\000e\000d\000-\000e\000x\000a\000m\000p\000l\000e\000\040\000v\000a\000l\000u\000e\000s}{}% 133
\BOOKMARK [2][]{subsection.1.B.1}{\376\377\000E\000x\000t\000e\000n\000d\000e\000d\000\040\000w\000o\000r\000k\000e\000d\000\040\000e\000x\000a\000m\000p\000l\000e\000s}{appendix.1.B}% 134
\BOOKMARK [3][]{section*.45}{\376\377\000A\000\040\000q\000u\000e\000s\000t\000i\000o\000n\000-\000o\000r\000d\000e\000r\000\040\000t\000e\000s\000t\000\040\000f\000o\000r\000\040\000h\000u\000m\000a\000n\040\023\000r\000o\000b\000o\000t\000\040\000i\000n\000t\000e\000r\000a\000c\000t\000i\000o\000n}{subsection.1.B.1}% 135
\BOOKMARK [4][]{section*.46}{\376\377\000A\000\040\000t\000w\000o\000-\000c\000u\000e\000\040\000j\000u\000d\000g\000e\000m\000e\000n\000t\000\040\000w\000i\000t\000h\000\040\000a\000\040\000q\000u\000a\000n\000t\000u\000m\000-\000l\000i\000k\000e\000\040\000B\000a\000y\000e\000s\000i\000a\000n\000\040\000n\000e\000t\000w\000o\000r\000k}{section*.45}% 136
\BOOKMARK [4][]{section*.47}{\376\377\000A\000d\000d\000i\000n\000g\000\040\000d\000e\000-\000a\000m\000p\000l\000i\000f\000i\000c\000a\000t\000i\000o\000n\000\040\000t\000o\000\040\000q\000u\000a\000n\000t\000u\000m\000-\000i\000n\000s\000p\000i\000r\000e\000d\000\040\000R\000L}{section*.45}% 137
